
Memory Configuration

Name             Origin             Length             Attributes
flash            0x08000000         0x00020000         xr
sram             0x20000000         0x00005000         xrw
*default*        0x00000000         0xffffffff

Linker script and memory map


.text           0x08000000      0x238
 *(.vectors*)
 .vectors       0x08000000       0x1c startup.o
                0x08000000                vector
 *(.text*)
 .text          0x0800001c       0x30 alarm.o
                0x0800001c                alarm_on
 .text          0x0800004c      0x10c driver.o
                0x0800004c                Delay
                0x08000070                getPressureVal
                0x08000088                Set_Alarm_actuator
                0x080000d8                GPIO_INITIALIZATION
 .text          0x08000158       0x28 main.o
                0x08000158                main
 .text          0x08000180       0xb8 startup.o
                0x08000180                HardFault_Handler
                0x08000180                NMI_Handler
                0x08000180                UsageFault_Handler
                0x08000180                Default_Handler
                0x08000180                MemManage_Handler
                0x08000180                BusFault_Handler
                0x0800018c                reset_handler
 *(.rodata*)
                0x08000238                _E_text = .

.glue_7         0x08000238        0x0
 .glue_7        0x00000000        0x0 linker stubs

.glue_7t        0x08000238        0x0
 .glue_7t       0x00000000        0x0 linker stubs

.vfp11_veneer   0x08000238        0x0
 .vfp11_veneer  0x00000000        0x0 linker stubs

.v4_bx          0x08000238        0x0
 .v4_bx         0x00000000        0x0 linker stubs

.iplt           0x08000238        0x0
 .iplt          0x00000000        0x0 alarm.o

.rel.dyn        0x08000238        0x0
 .rel.iplt      0x00000000        0x0 alarm.o

.data           0x20000000        0x0 load address 0x08000238
                0x20000000                _S_data = .
                0x20000000                . = ALIGN (0x4)
 *(.data*)
 .data          0x20000000        0x0 alarm.o
 .data          0x20000000        0x0 driver.o
 .data          0x20000000        0x0 main.o
 .data          0x20000000        0x0 startup.o
                0x20000000                _E_data = .

.igot.plt       0x20000000        0x0 load address 0x08000238
 .igot.plt      0x00000000        0x0 alarm.o

.bss            0x20000000     0x1000 load address 0x08000238
                0x20000000                _S_bss = .
 *(.bss*)
 .bss           0x20000000        0x0 alarm.o
 .bss           0x20000000        0x0 driver.o
 .bss           0x20000000        0x0 main.o
 .bss           0x20000000        0x0 startup.o
                0x20000000                _E_bss = .
                0x20001000                . = (. + 0x1000)
 *fill*         0x20000000     0x1000 
                0x20001000                stack_top = .
LOAD alarm.o
LOAD driver.o
LOAD main.o
LOAD startup.o
OUTPUT(pressure_detection.elf elf32-littlearm)

.debug_info     0x00000000      0x3ca
 .debug_info    0x00000000       0x8f alarm.o
 .debug_info    0x0000008f      0x103 driver.o
 .debug_info    0x00000192       0xb0 main.o
 .debug_info    0x00000242      0x188 startup.o

.debug_abbrev   0x00000000      0x1f9
 .debug_abbrev  0x00000000       0x40 alarm.o
 .debug_abbrev  0x00000040       0x9d driver.o
 .debug_abbrev  0x000000dd       0x51 main.o
 .debug_abbrev  0x0000012e       0xcb startup.o

.debug_loc      0x00000000      0x190
 .debug_loc     0x00000000       0x2c alarm.o
 .debug_loc     0x0000002c       0xc8 driver.o
 .debug_loc     0x000000f4       0x38 main.o
 .debug_loc     0x0000012c       0x64 startup.o

.debug_aranges  0x00000000       0x80
 .debug_aranges
                0x00000000       0x20 alarm.o
 .debug_aranges
                0x00000020       0x20 driver.o
 .debug_aranges
                0x00000040       0x20 main.o
 .debug_aranges
                0x00000060       0x20 startup.o

.debug_line     0x00000000      0x178
 .debug_line    0x00000000       0x3a alarm.o
 .debug_line    0x0000003a       0x99 driver.o
 .debug_line    0x000000d3       0x3b main.o
 .debug_line    0x0000010e       0x6a startup.o

.debug_str      0x00000000      0x1ab
 .debug_str     0x00000000       0xa6 alarm.o
                                 0xdf (size before relaxing)
 .debug_str     0x000000a6       0x4c driver.o
                                0x123 (size before relaxing)
 .debug_str     0x000000f2       0x1d main.o
                                 0xeb (size before relaxing)
 .debug_str     0x0000010f       0x9c startup.o
                                0x16a (size before relaxing)

.comment        0x00000000       0x11
 .comment       0x00000000       0x11 alarm.o
                                 0x12 (size before relaxing)
 .comment       0x00000000       0x12 driver.o
 .comment       0x00000000       0x12 main.o
 .comment       0x00000000       0x12 startup.o

.ARM.attributes
                0x00000000       0x33
 .ARM.attributes
                0x00000000       0x33 alarm.o
 .ARM.attributes
                0x00000033       0x33 driver.o
 .ARM.attributes
                0x00000066       0x33 main.o
 .ARM.attributes
                0x00000099       0x33 startup.o

.debug_frame    0x00000000      0x120
 .debug_frame   0x00000000       0x2c alarm.o
 .debug_frame   0x0000002c       0x78 driver.o
 .debug_frame   0x000000a4       0x30 main.o
 .debug_frame   0x000000d4       0x4c startup.o
