
Memory Configuration

Name             Origin             Length             Attributes
flash            0x08000000         0x00020000         xr
sram             0x20000000         0x00005000         xrw
*default*        0x00000000         0xffffffff

Linker script and memory map


.text           0x08000000      0x1a0
 *(.vectors*)
 .vectors       0x08000000       0x1c startup.o
                0x08000000                vector
 *(.text*)
 .text          0x0800001c       0xc8 led.o
                0x0800001c                wait
                0x08000048                main
 .text          0x080000e4       0xbc startup.o
                0x080000e4                HardFault_Handler
                0x080000e4                NMI_Handler
                0x080000e4                UsageFault_Handler
                0x080000e4                Default_Handler
                0x080000e4                MemManage_Handler
                0x080000e4                BusFault_Handler
                0x080000f0                reset_handler
 *(.rodata*)
                0x080001a0                _E_text = .

.glue_7         0x080001a0        0x0
 .glue_7        0x00000000        0x0 linker stubs

.glue_7t        0x080001a0        0x0
 .glue_7t       0x00000000        0x0 linker stubs

.vfp11_veneer   0x080001a0        0x0
 .vfp11_veneer  0x00000000        0x0 linker stubs

.v4_bx          0x080001a0        0x0
 .v4_bx         0x00000000        0x0 linker stubs

.iplt           0x080001a0        0x0
 .iplt          0x00000000        0x0 led.o

.rel.dyn        0x080001a0        0x0
 .rel.iplt      0x00000000        0x0 led.o

.data           0x20000000       0x24 load address 0x080001a0
                0x20000000                _S_data = .
                0x20000000                . = ALIGN (0x4)
 *(.data*)
 .data          0x20000000       0x24 led.o
                0x20000000                p_GPIO_CRH
                0x20000004                p_GPIO_ODR
                0x20000008                fran
                0x20000014                gang
 .data          0x20000024        0x0 startup.o
                0x20000024                _E_data = .

.igot.plt       0x20000024        0x0 load address 0x080001c4
 .igot.plt      0x00000000        0x0 led.o

.bss            0x20000024     0x1000 load address 0x080001c4
                0x20000024                _S_bss = .
 *(.bss*)
 .bss           0x20000024        0x0 led.o
 .bss           0x20000024        0x0 startup.o
                0x20000024                _E_bss = .
                0x20001024                . = (. + 0x1000)
 *fill*         0x20000024     0x1000 
                0x20001024                stack_top = .
LOAD led.o
LOAD startup.o
OUTPUT(learn-in-depth.elf elf32-littlearm)

.debug_info     0x00000000      0x41c
 .debug_info    0x00000000      0x270 led.o
 .debug_info    0x00000270      0x1ac startup.o

.debug_abbrev   0x00000000      0x1d4
 .debug_abbrev  0x00000000       0xf5 led.o
 .debug_abbrev  0x000000f5       0xdf startup.o

.debug_loc      0x00000000       0xc8
 .debug_loc     0x00000000       0x64 led.o
 .debug_loc     0x00000064       0x64 startup.o

.debug_aranges  0x00000000       0x40
 .debug_aranges
                0x00000000       0x20 led.o
 .debug_aranges
                0x00000020       0x20 startup.o

.debug_line     0x00000000       0xcb
 .debug_line    0x00000000       0x62 led.o
 .debug_line    0x00000062       0x69 startup.o

.debug_str      0x00000000      0x1c1
 .debug_str     0x00000000      0x139 led.o
                                0x172 (size before relaxing)
 .debug_str     0x00000139       0x88 startup.o
                                0x16a (size before relaxing)

.comment        0x00000000       0x11
 .comment       0x00000000       0x11 led.o
                                 0x12 (size before relaxing)
 .comment       0x00000000       0x12 startup.o

.ARM.attributes
                0x00000000       0x33
 .ARM.attributes
                0x00000000       0x33 led.o
 .ARM.attributes
                0x00000033       0x33 startup.o

.debug_frame    0x00000000       0x94
 .debug_frame   0x00000000       0x48 led.o
 .debug_frame   0x00000048       0x4c startup.o
